A51 MACRO ASSEMBLER  HRM1                                                                 03/26/2025 16:46:31 PAGE     1


MACRO ASSEMBLER A51 V8.2.7.0
OBJECT MODULE PLACED IN .\Objects\hrm1.obj
ASSEMBLER INVOKED BY: C:\Keil_v5\C51\BIN\A51.EXE hrm1.asm SET(SMALL) DEBUG PRINT(.\Listings\hrm1.lst) OBJECT(.\Objects\h
                      rm1.obj) EP

LOC  OBJ            LINE     SOURCE

0000                   1     ORG     0000h           
0000 2100              2                 AJMP    MAIN           
                       3     
0003                   4                 ORG     0003h          ; External Interrupt 0 vector
0003 217C              5                 AJMP    EXT0_ISR           
                       6     
000B                   7                 ORG     000Bh          ; Timer 0 vector
000B 213D              8                 AJMP    Timer0_ISR
                       9     
0100                  10                 ORG     0100h          
0100 758130           11     MAIN:       MOV     SP, #30h       
0103 758901           12                 MOV     TMOD, #01h     ; Timer 0, mode 1 (16-bit)
                      13     
                      14                 ; Initialize registers
0106 C2D3             15                 CLR     RS0            ; Select Bank 0
0108 C2D4             16                 CLR     RS1
010A 7800             17                 MOV     R0, #00h      ; Ones digit of heart rate
010C 7900             18                 MOV     R1, #00h      ; Tens digit of heart rate
010E 7A00             19                 MOV     R2, #00h      ; Hundreds digit of heart rate
0110 7B00             20                 MOV     R3, #00h      ; Thousands digit of heart rate
0112 7C00             21                 MOV     R4, #00h      ; Display position
0114 7D00             22                 MOV     R5, #00h      ; Counter for 5ms intervals
                      23                 
                      24                 ; Initialize variables
0116 752000           25                 MOV     20h, #00h     ; State (0=No clicks, 1=First click received, 2+=Subseque
                             nt clicks)
0119 752100           26                 MOV     21h, #00h     ; Time count (5ms intervals between clicks)
011C 752200           27                 MOV     22h, #00h     ; Total time for averaging
011F 752300           28                 MOV     23h, #00h     ; Click count (for averaging)
0122 752400           29                 MOV     24h, #00h     ; Temporary storage during calculation
0125 752500           30                 MOV     25h, #00h     ; Temporary storage during calculation
0128 752603           31                 MOV     26h, #03h     ; Number of clicks to average (configurable: 2 or 3)
                      32                 
                      33                 ; Timer 0 setup for 5ms
012B 758CEC           34                 MOV     TH0, #0ECh     
012E 758A78           35                 MOV     TL0, #078h
0131 D28C             36                 SETB    TR0           ; Start Timer 0
                      37                 
                      38                 ; Setup External Interrupt 0
0133 D288             39                 SETB    IT0           ; Falling edge triggered
0135 D2A8             40                 SETB    EX0           ; Enable INT0
                      41                 
                      42                 ; Enable interrupts
0137 D2A9             43                 SETB    ET0           ; Enable Timer 0 interrupt
0139 D2AF             44                 SETB    EA            ; Enable global interrupts
                      45     
013B 80FE             46     MainLoop:   SJMP    MainLoop      ; Everything handled by interrupts
                      47     
013D C0E0             48     Timer0_ISR: PUSH    ACC            
013F C0D0             49                 PUSH    PSW
                      50     
                      51                 ; Reload timer for next 5ms
0141 C28C             52                 CLR     TR0            
0143 758CEC           53                 MOV     TH0, #0ECh     
0146 758A8C           54                 MOV     TL0, #08Ch     
0149 C28D             55                 CLR     TF0            
014B D28C             56                 SETB    TR0            
A51 MACRO ASSEMBLER  HRM1                                                                 03/26/2025 16:46:31 PAGE     2

                      57     
                      58                 ; Check if we're in timing mode
014D E520             59                 MOV     A, 20h
014F 6002             60                 JZ      Display_Update  ; If 0, we're not timing yet
                      61                 
                      62                 ; We're timing between clicks
0151 0521             63                 INC     21h           ; Increment the time counter
                      64     
0153                  65     Display_Update:
                      66                 ; Display logic
0153 EC               67                 MOV     A, R4          
0154 B40003           68                 CJNE    A, #00h, Pos1
0157 EB               69                 MOV     A, R3         ; Thousands digit
0158 8013             70                 SJMP    Output_Digit
                      71     
015A B40105           72     Pos1:       CJNE    A, #01h, Pos2
015D EA               73                 MOV     A, R2         ; Hundreds digit
015E 4410             74                 ORL     A, #10h        
0160 800B             75                 SJMP    Output_Digit
                      76     
0162 B40205           77     Pos2:       CJNE    A, #02h, Pos3
0165 E9               78                 MOV     A, R1         ; Tens digit
0166 4420             79                 ORL     A, #20h        
0168 8003             80                 SJMP    Output_Digit
                      81     
016A E8               82     Pos3:       MOV     A, R0         ; Ones digit
016B 4430             83                 ORL     A, #30h        
                      84     
016D                  85     Output_Digit:
016D F590             86                 MOV     P1, A          
                      87     
                      88                 ; Update display position
016F EC               89                 MOV     A, R4
0170 04               90                 INC     A              
0171 B40402           91                 CJNE    A, #04h, Save_Pos
0174 7400             92                 MOV     A, #00h        
0176 FC               93     Save_Pos:   MOV     R4, A         
                      94     
0177 D0D0             95                 POP     PSW            
0179 D0E0             96                 POP     ACC
017B 32               97                 RETI
                      98     
017C C0E0             99     EXT0_ISR:   PUSH    ACC
017E C0D0            100                 PUSH    PSW
                     101                 
                     102                 ; Check current state
0180 E520            103                 MOV     A, 20h
0182 700E            104                 JNZ     Handle_Subsequent_Click  ; If not 0, we've had clicks before
                     105                 
                     106                 ; First click ever - just start timing
0184 752001          107                 MOV     20h, #01h     ; Set to "first click received" state
0187 752100          108                 MOV     21h, #00h     ; Reset time counter
018A 752200          109                 MOV     22h, #00h     ; Clear total time
018D 752300          110                 MOV     23h, #00h     ; Clear click count
0190 8074            111                 SJMP    EXT0_ISR_Exit
                     112                 
0192                 113     Handle_Subsequent_Click:
                     114                 ; This is a subsequent click
                     115                 
                     116                 ; First, check if time is too small to prevent errors
0192 E521            117                 MOV     A, 21h
0194 B40C08          118                 CJNE    A, #12, Valid_Time  ; 12 * 5ms = 60ms minimum (avoid impossibly fast ra
                             tes)
0197 752001          119                 MOV     20h, #01h     ; Reset to first-click state if click too fast
019A 752100          120                 MOV     21h, #00h     ; Reset counter
019D 8067            121                 SJMP    EXT0_ISR_Exit
A51 MACRO ASSEMBLER  HRM1                                                                 03/26/2025 16:46:31 PAGE     3

                     122                 
019F                 123     Valid_Time:
019F 4065            124                 JC      EXT0_ISR_Exit  ; If less than 12 (carry set), click too fast - ignore
                     125                 
                     126                 ; Add this interval to total time
01A1 E522            127                 MOV     A, 22h
01A3 2521            128                 ADD     A, 21h
01A5 F522            129                 MOV     22h, A
                     130                 
                     131                 ; Increment click count
01A7 0523            132                 INC     23h
                     133                 
                     134                 ; Check if we have enough clicks for averaging
01A9 E523            135                 MOV     A, 23h
01AB B52610          136                 CJNE    A, 26h, Not_Enough_Clicks
                     137                 
                     138                 ; We have enough clicks to calculate average
                     139                 
                     140                 ; Calculate average interval: 22h / 23h (total time / click count)
01AE E522            141                 MOV     A, 22h
01B0 8523F0          142                 MOV     B, 23h
01B3 84              143                 DIV     AB            ; A = average interval
                     144                 
                     145                 ; Now calculate BPM = 12000 / average_interval
01B4 752478          146                 MOV     24h, #120     ; Low byte of 12000
01B7 75252F          147                 MOV     25h, #47      ; High byte of 12000 (actually 12120 for easier calculati
                             on)
01BA F5F0            148                 MOV     B, A          ; B = average interval
01BC 8009            149                 SJMP    Calculate_BPM
                     150                 
01BE                 151     Not_Enough_Clicks:
                     152                 ; Calculate BPM based on current interval
01BE 752478          153                 MOV     24h, #120     ; Low byte of 12000
01C1 75252F          154                 MOV     25h, #47      ; High byte of 12000
01C4 8521F0          155                 MOV     B, 21h        ; B = current interval
                     156                 
01C7                 157     Calculate_BPM:
                     158                 ; Using repeated subtraction to simulate division
                     159                 ; Calculate 12000 / B
01C7 752200          160                 MOV     22h, #0       ; Initialize result quotient
01CA 752300          161                 MOV     23h, #0       ; Initialize hundreds place
                     162                 
01CD                 163     DivLoop:
                     164                 ; Check if we can subtract B from 25h:24h
01CD C3              165                 CLR     C
01CE E524            166                 MOV     A, 24h
01D0 95F0            167                 SUBB    A, B
01D2 F524            168                 MOV     24h, A        ; Store result back
                     169                 
01D4 E525            170                 MOV     A, 25h
01D6 9400            171                 SUBB    A, #0         ; Subtract borrow
01D8 F525            172                 MOV     25h, A
                     173                 
01DA 400E            174                 JC      EndDiv        ; If carry, we're done
                     175                 
                     176                 ; Increment result
01DC 0522            177                 INC     22h
01DE E522            178                 MOV     A, 22h
01E0 B464EA          179                 CJNE    A, #100, DivLoop   ; Keep going until quotient reaches 100
01E3 752200          180                 MOV     22h, #0            ; Reset quotient to 0
01E6 0523            181                 INC     23h                ; Increment hundreds place
01E8 80E3            182                 SJMP    DivLoop
                     183                 
01EA                 184     EndDiv:
                     185                 ; Now convert result to BCD for display
01EA E522            186                 MOV     A, 22h        ; Get quotient (0-99 portion)
A51 MACRO ASSEMBLER  HRM1                                                                 03/26/2025 16:46:31 PAGE     4

01EC 75F00A          187                 MOV     B, #10
01EF 84              188                 DIV     AB
01F0 F9              189                 MOV     R1, A         ; Tens digit
01F1 A8F0            190                 MOV     R0, B         ; Ones digit
                     191                 
                     192                 ; Handle hundreds place
01F3 E523            193                 MOV     A, 23h
01F5 FA              194                 MOV     R2, A         ; Hundreds digit
01F6 7B00            195                 MOV     R3, #0        ; Thousands digit
                     196                 
                     197                 ; Reset for next measurement
01F8 752100          198                 MOV     21h, #00h     ; Reset interval timer for next click
                     199                 
                     200                 ; If we've reached our desired clicks for average, reset the averaging
01FB E523            201                 MOV     A, 23h
01FD B52606          202                 CJNE    A, 26h, EXT0_ISR_Exit
0200 752200          203                 MOV     22h, #00h     ; Reset total time
0203 752300          204                 MOV     23h, #00h     ; Reset click count
                     205     
0206                 206     EXT0_ISR_Exit:
0206 D0D0            207                 POP     PSW
0208 D0E0            208                 POP     ACC
020A 32              209                 RETI
                     210     
                     211                 END
A51 MACRO ASSEMBLER  HRM1                                                                 03/26/2025 16:46:31 PAGE     5

SYMBOL TABLE LISTING
------ ----- -------


N A M E                  T Y P E  V A L U E   ATTRIBUTES

ACC . . . . . . . . . .  D ADDR   00E0H   A   
B . . . . . . . . . . .  D ADDR   00F0H   A   
CALCULATE_BPM . . . . .  C ADDR   01C7H   A   
DISPLAY_UPDATE. . . . .  C ADDR   0153H   A   
DIVLOOP . . . . . . . .  C ADDR   01CDH   A   
EA. . . . . . . . . . .  B ADDR   00A8H.7 A   
ENDDIV. . . . . . . . .  C ADDR   01EAH   A   
ET0 . . . . . . . . . .  B ADDR   00A8H.1 A   
EX0 . . . . . . . . . .  B ADDR   00A8H.0 A   
EXT0_ISR. . . . . . . .  C ADDR   017CH   A   
EXT0_ISR_EXIT . . . . .  C ADDR   0206H   A   
HANDLE_SUBSEQUENT_CLICK  C ADDR   0192H   A   
IT0 . . . . . . . . . .  B ADDR   0088H.0 A   
MAIN. . . . . . . . . .  C ADDR   0100H   A   
MAINLOOP. . . . . . . .  C ADDR   013BH   A   
NOT_ENOUGH_CLICKS . . .  C ADDR   01BEH   A   
OUTPUT_DIGIT. . . . . .  C ADDR   016DH   A   
P1. . . . . . . . . . .  D ADDR   0090H   A   
POS1. . . . . . . . . .  C ADDR   015AH   A   
POS2. . . . . . . . . .  C ADDR   0162H   A   
POS3. . . . . . . . . .  C ADDR   016AH   A   
PSW . . . . . . . . . .  D ADDR   00D0H   A   
RS0 . . . . . . . . . .  B ADDR   00D0H.3 A   
RS1 . . . . . . . . . .  B ADDR   00D0H.4 A   
SAVE_POS. . . . . . . .  C ADDR   0176H   A   
SP. . . . . . . . . . .  D ADDR   0081H   A   
TF0 . . . . . . . . . .  B ADDR   0088H.5 A   
TH0 . . . . . . . . . .  D ADDR   008CH   A   
TIMER0_ISR. . . . . . .  C ADDR   013DH   A   
TL0 . . . . . . . . . .  D ADDR   008AH   A   
TMOD. . . . . . . . . .  D ADDR   0089H   A   
TR0 . . . . . . . . . .  B ADDR   0088H.4 A   
VALID_TIME. . . . . . .  C ADDR   019FH   A   


REGISTER BANK(S) USED: 0 


ASSEMBLY COMPLETE.  0 WARNING(S), 0 ERROR(S)
