A51 MACRO ASSEMBLER  STOPWATCH                                                            02/19/2025 20:29:09 PAGE     1


MACRO ASSEMBLER A51 V8.2.7.0
OBJECT MODULE PLACED IN .\Objects\stopwatch.obj
ASSEMBLER INVOKED BY: C:\Keil_v5\C51\BIN\A51.EXE stopwatch.asm SET(SMALL) DEBUG PRINT(.\Listings\stopwatch.lst) OBJECT(.
                      \Objects\stopwatch.obj) EP

LOC  OBJ            LINE     SOURCE

0000                   1                 ORG     0000h
0000 2100              2                 AJMP    MAIN
                       3     
0013                   4                 ORG     0013h           ; External Interrupt 1 vector (mode toggle)
0013 21F2              5                 AJMP    EXT1_ISR
                       6     
000B                   7                 ORG     000Bh           ; Timer0 interrupt vector (clock tick + display refresh)
000B 2138              8                 AJMP    TIMER0_ISR
                       9     
001B                  10                 ORG     001Bh           ; Timer1 interrupt vector (stopwatch update)
001B 21C6             11                 AJMP    TIMER1_ISR
                      12     
0100                  13                 ORG     0100h
0100                  14     MAIN:       
0100 758130           15                 MOV     SP, #30h        ; Set stack pointer
                      16     
                      17                 ; Set up both timers in mode 1 (16-bit)
                      18                 ; Lower nibble for Timer0; Upper nibble for Timer1:
0103 758911           19                 MOV     TMOD, #11h      ; Timer0 = 0001, Timer1 = 0001
                      20     
                      21                 ; Initialize Timer0 for 5ms delay (reload value = 0xEC78)
0106 758CEC           22                 MOV     TH0, #0ECh
0109 758A78           23                 MOV     TL0, #078h
                      24     
                      25                 ; Initialize Timer1 for 10ms delay (reload value = 0xD8F0)
010C 758DD8           26                 MOV     TH1, #0D8h    ; 0xD8 = 216
010F 758BF0           27                 MOV     TL1, #0F0h    ; 0xF0 = 240
                      28     
                      29                 ; Initialize clock variables:
0112 753000           30                 MOV     30h, #00h     ; [30h] = Clock tick counter (each tick = 5ms)
0115 753100           31                 MOV     31h, #00h     ; [31h] = Clock seconds (0-59)
0118 753200           32                 MOV     32h, #00h     ; [32h] = Clock minutes (0-59)
                      33     
                      34                 ; Initialize stopwatch digits (using registers R0-R3):
011B 7800             35                 MOV     R0, #00h      ; R0 = hundredths digit (1/100 sec)
011D 7900             36                 MOV     R1, #00h      ; R1 = tenths digit (1/10 sec)
011F 7A00             37                 MOV     R2, #00h      ; R2 = seconds (ones)
0121 7B00             38                 MOV     R3, #00h      ; R3 = tens of seconds (0–5; stopwatch resets after 59.
                             99 sec)
                      39     
                      40                 ; Initialize display position (for multiplexing) in R4:
0123 7C00             41                 MOV     R4, #00h
                      42     
                      43                 ; Set initial MODE (at internal RAM address 20h): 
                      44                 ; 0 = clock mode; 1 = stopwatch running; 2 = stopwatch frozen.
0125 752000           45                 MOV     20h, #00h
                      46     
                      47                 ; Set up External Interrupt 1 (falling-edge triggered)
0128 D28A             48                 SETB    IT1
012A D2AA             49                 SETB    EX1
                      50     
                      51                 ; Enable Timer interrupts (ET0 for Timer0, ET1 for Timer1) and global interrupt
                             s:
012C D2A9             52                 SETB    ET0
012E D2AB             53                 SETB    ET1
0130 D2AF             54                 SETB    EA
                      55     
A51 MACRO ASSEMBLER  STOPWATCH                                                            02/19/2025 20:29:09 PAGE     2

                      56                 ; Start both timers:
0132 D28C             57                 SETB    TR0
0134 D28E             58                 SETB    TR1
                      59     
0136 80FE             60     MAIN_LOOP:  SJMP    MAIN_LOOP       ; main loop does nothing; all work is in ISRs
                      61     
                      62     ;-----------------------------------------------------------
                      63     ; Timer0 ISR – Runs every 5ms.
                      64     ; It reloads Timer0, increments the clock tick counter,
                      65     ; and every 200 ticks (1 second) updates seconds (and minutes).
                      66     ; It also multiplexes the display.
                      67     ;-----------------------------------------------------------
0138                  68     TIMER0_ISR:
0138 C0E0             69                 PUSH    ACC
013A C0D0             70                 PUSH    PSW
                      71     
                      72                 ; Reload Timer0 for 5ms delay:
013C 758CEC           73                 MOV     TH0, #0ECh
013F 758A78           74                 MOV     TL0, #078h
                      75     
                      76                 ; ----- Clock time update (using [30h], [31h], [32h]) -----
0142 E530             77                 MOV     A, 30h         ; Get clock tick counter
0144 04               78                 INC     A
0145 F530             79                 MOV     30h, A         ; A = ticks so far
0147 B4C81A           80                 CJNE    A, #0C8h, SKIP_CLOCK  ; 0xC8 = 200 ticks = 200×5ms = 1 sec
014A 753000           81                 MOV     30h, #00h      ; Reset tick counter
                      82     
                      83                 ; Increment seconds ([31h])
014D E531             84                 MOV     A, 31h
014F 04               85                 INC     A
0150 B43C02           86                 CJNE    A, #3Ch, SAVE_SEC  ; 0x3C = 60 seconds
0153 7400             87                 MOV     A, #00h       ; if 60, roll over to 0
0155 F531             88     SAVE_SEC:   MOV     31h, A
                      89     
                      90                 ; If seconds just rolled over (i.e. A == 00), update minutes ([32h])
0157 B4000A           91                 CJNE    A, #00h, SKIP_MIN
015A E532             92                 MOV     A, 32h
015C 04               93                 INC     A
015D B43C02           94                 CJNE    A, #3Ch, SAVE_MIN  ; if minutes < 60, leave as is; else reset
0160 7400             95                 MOV     A, #00h
0162 F532             96     SAVE_MIN:   MOV     32h, A
0164                  97     SKIP_MIN:
0164                  98     SKIP_CLOCK:
                      99     
                     100                 ; ----- Display multiplexing -----
                     101                 ; Use register R4 (0 to 3) to select which digit to refresh.
                     102                 ; Check MODE (at 20h): if MODE==0 then show clock; else show stopwatch.
0164 E520            103                 MOV     A, 20h
0166 B40034          104                 CJNE    A, #00h, SHOW_STOPWATCH
                     105     
                     106                 ; --- Clock display: Show minutes and seconds ---
                     107                 ; Assume digit order: 
                     108                 ;   Digit 0: tens of minutes; Digit 1: ones of minutes;
                     109                 ;   Digit 2: tens of seconds; Digit 3: ones of seconds.
0169 EC              110                 MOV     A, R4
016A B40008          111                 CJNE    A, #00h, CLOCK_DIGIT1
                     112                 ; Digit 0: tens of minutes:
016D E532            113                 MOV     A, 32h         ; minutes
016F 75F00A          114                 MOV     B, #0Ah
0172 84              115                 DIV     AB             ; A = tens digit, B = ones digit
0173 8042            116                 SJMP    OUTPUT_DIGIT
                     117     
0175                 118     CLOCK_DIGIT1:
0175 B4010C          119                 CJNE    A, #01h, CLOCK_DIGIT2
                     120                 ; Digit 1: ones of minutes:
0178 E532            121                 MOV     A, 32h
A51 MACRO ASSEMBLER  STOPWATCH                                                            02/19/2025 20:29:09 PAGE     3

017A 75F00A          122                 MOV     B, #0Ah
017D 84              123                 DIV     AB
017E E5F0            124                 MOV     A, B         ; ones digit is in B
0180 4410            125                 ORL     A, #10h      ; add offset for digit position 1
0182 8033            126                 SJMP    OUTPUT_DIGIT
                     127     
0184                 128     CLOCK_DIGIT2:
0184 B4020A          129                 CJNE    A, #02h, CLOCK_DIGIT3
                     130                 ; Digit 2: tens of seconds:
0187 E531            131                 MOV     A, 31h         ; seconds
0189 75F00A          132                 MOV     B, #0Ah
018C 84              133                 DIV     AB             ; A = tens, B = ones
018D 4420            134                 ORL     A, #20h      ; offset for digit position 2
018F 8026            135                 SJMP    OUTPUT_DIGIT
                     136     
0191                 137     CLOCK_DIGIT3:
                     138                 ; Digit 3: ones of seconds:
0191 E531            139                 MOV     A, 31h
0193 75F00A          140                 MOV     B, #0Ah
0196 84              141                 DIV     AB
0197 E5F0            142                 MOV     A, B         ; ones digit
0199 4430            143                 ORL     A, #30h      ; offset for digit position 3
019B 801A            144                 SJMP    OUTPUT_DIGIT
                     145     
019D                 146     SHOW_STOPWATCH:
                     147                 ; --- Stopwatch display: 
                     148                 ; Digit order: 
                     149                 ;   Digit 0: tens of seconds (R3); 
                     150                 ;   Digit 1: ones of seconds (R2) with offset 0x10; 
                     151                 ;   Digit 2: tenths (R1) with offset 0x20; 
                     152                 ;   Digit 3: hundredths (R0) with offset 0x30.
019D EC              153                 MOV     A, R4
019E B40003          154                 CJNE    A, #00h, STOP_DIGIT1
01A1 EB              155                 MOV     A, R3
01A2 8013            156                 SJMP    OUTPUT_DIGIT
                     157     
01A4                 158     STOP_DIGIT1:
01A4 B40105          159                 CJNE    A, #01h, STOP_DIGIT2
01A7 EA              160                 MOV     A, R2
01A8 4410            161                 ORL     A, #10h
01AA 800B            162                 SJMP    OUTPUT_DIGIT
                     163     
01AC                 164     STOP_DIGIT2:
01AC B40205          165                 CJNE    A, #02h, STOP_DIGIT3
01AF E9              166                 MOV     A, R1
01B0 4420            167                 ORL     A, #20h
01B2 8003            168                 SJMP    OUTPUT_DIGIT
                     169     
01B4                 170     STOP_DIGIT3:
01B4 E8              171                 MOV     A, R0
01B5 4430            172                 ORL     A, #30h
                     173     
01B7                 174     OUTPUT_DIGIT:
01B7 F590            175                 MOV     P1, A         ; Output digit to Port 1
                     176     
                     177                 ; Update display position: cycle R4 through 0 to 3.
01B9 EC              178                 MOV     A, R4
01BA 04              179                 INC     A
01BB B40402          180                 CJNE    A, #04h, UPDATE_POS
01BE 7400            181                 MOV     A, #00h
01C0 FC              182     UPDATE_POS: MOV     R4, A
                     183     
01C1 D0D0            184                 POP     PSW
01C3 D0E0            185                 POP     ACC
01C5 32              186                 RETI
                     187     
A51 MACRO ASSEMBLER  STOPWATCH                                                            02/19/2025 20:29:09 PAGE     4

                     188     ;-----------------------------------------------------------
                     189     ; Timer1 ISR – Stopwatch update (every 10ms)
                     190     ; Only active when MODE = 1 (stopwatch running)
                     191     ; Stopwatch digits are in R0 (hundredths), R1 (tenths),
                     192     ; R2 (seconds), R3 (tens of seconds).
                     193     ;-----------------------------------------------------------
01C6                 194     TIMER1_ISR:
01C6 C0E0            195                 PUSH    ACC
01C8 C0D0            196                 PUSH    PSW
                     197     
                     198                 ; Reload Timer1 for 10ms delay:
01CA 758DD8          199                 MOV     TH1, #0D8h
01CD 758BF0          200                 MOV     TL1, #0F0h
                     201     
                     202                 ; Check if MODE = 1 (stopwatch running)
01D0 E520            203                 MOV     A, 20h
01D2 B40118          204                 CJNE    A, #01h, SKIP_STOPWATCH
                     205     
                     206                 ; Update stopwatch:
01D5 08              207                 INC     R0           ; Increment hundredths digit
01D6 B80A14          208                 CJNE    R0, #0Ah, DONE_STOPWATCH
01D9 7800            209                 MOV     R0, #00h     ; Reset hundredths
01DB 09              210                 INC     R1           ; Increment tenths digit
01DC B90A0E          211                 CJNE    R1, #0Ah, DONE_STOPWATCH
01DF 7900            212                 MOV     R1, #00h
01E1 0A              213                 INC     R2           ; Increment seconds (ones)
01E2 BA0A08          214                 CJNE    R2, #0Ah, DONE_STOPWATCH
01E5 7A00            215                 MOV     R2, #00h
01E7 0B              216                 INC     R3           ; Increment tens of seconds
01E8 BB0602          217                 CJNE    R3, #06h, DONE_STOPWATCH
01EB 7B00            218                 MOV     R3, #00h     ; Reset stopwatch after 59.99 seconds
01ED                 219     DONE_STOPWATCH:
01ED                 220     SKIP_STOPWATCH:
01ED D0D0            221                 POP     PSW
01EF D0E0            222                 POP     ACC
01F1 32              223                 RETI
                     224     
                     225     ;-----------------------------------------------------------
                     226     ; External Interrupt 1 ISR – Toggle MODE
                     227     ; Cycles MODE as: 0 (clock) -> 1 (stopwatch running) -> 2 (stopwatch frozen) -> 0 ...
                     228     ;-----------------------------------------------------------
01F2                 229     EXT1_ISR:
01F2 C0E0            230                 PUSH    ACC
01F4 C0D0            231                 PUSH    PSW
                     232     
01F6 E520            233                 MOV     A, 20h      ; Get current MODE
01F8 04              234                 INC     A         ; Next mode
01F9 B40302          235                 CJNE    A, #03h, SAVE_MODE
01FC 7400            236                 MOV     A, #00h   ; Wrap to MODE 0 if value reaches 3
01FE                 237     SAVE_MODE:
01FE F520            238                 MOV     20h, A      ; Save new MODE
                     239     
0200 D0D0            240                 POP     PSW
0202 D0E0            241                 POP     ACC
0204 32              242                 RETI
                     243     
                     244                 END
A51 MACRO ASSEMBLER  STOPWATCH                                                            02/19/2025 20:29:09 PAGE     5

SYMBOL TABLE LISTING
------ ----- -------


N A M E             T Y P E  V A L U E   ATTRIBUTES

ACC. . . . . . . .  D ADDR   00E0H   A   
B. . . . . . . . .  D ADDR   00F0H   A   
CLOCK_DIGIT1 . . .  C ADDR   0175H   A   
CLOCK_DIGIT2 . . .  C ADDR   0184H   A   
CLOCK_DIGIT3 . . .  C ADDR   0191H   A   
DONE_STOPWATCH . .  C ADDR   01EDH   A   
EA . . . . . . . .  B ADDR   00A8H.7 A   
ET0. . . . . . . .  B ADDR   00A8H.1 A   
ET1. . . . . . . .  B ADDR   00A8H.3 A   
EX1. . . . . . . .  B ADDR   00A8H.2 A   
EXT1_ISR . . . . .  C ADDR   01F2H   A   
IT1. . . . . . . .  B ADDR   0088H.2 A   
MAIN . . . . . . .  C ADDR   0100H   A   
MAIN_LOOP. . . . .  C ADDR   0136H   A   
OUTPUT_DIGIT . . .  C ADDR   01B7H   A   
P1 . . . . . . . .  D ADDR   0090H   A   
PSW. . . . . . . .  D ADDR   00D0H   A   
SAVE_MIN . . . . .  C ADDR   0162H   A   
SAVE_MODE. . . . .  C ADDR   01FEH   A   
SAVE_SEC . . . . .  C ADDR   0155H   A   
SHOW_STOPWATCH . .  C ADDR   019DH   A   
SKIP_CLOCK . . . .  C ADDR   0164H   A   
SKIP_MIN . . . . .  C ADDR   0164H   A   
SKIP_STOPWATCH . .  C ADDR   01EDH   A   
SP . . . . . . . .  D ADDR   0081H   A   
STOP_DIGIT1. . . .  C ADDR   01A4H   A   
STOP_DIGIT2. . . .  C ADDR   01ACH   A   
STOP_DIGIT3. . . .  C ADDR   01B4H   A   
TH0. . . . . . . .  D ADDR   008CH   A   
TH1. . . . . . . .  D ADDR   008DH   A   
TIMER0_ISR . . . .  C ADDR   0138H   A   
TIMER1_ISR . . . .  C ADDR   01C6H   A   
TL0. . . . . . . .  D ADDR   008AH   A   
TL1. . . . . . . .  D ADDR   008BH   A   
TMOD . . . . . . .  D ADDR   0089H   A   
TR0. . . . . . . .  B ADDR   0088H.4 A   
TR1. . . . . . . .  B ADDR   0088H.6 A   
UPDATE_POS . . . .  C ADDR   01C0H   A   


REGISTER BANK(S) USED: 0 


ASSEMBLY COMPLETE.  0 WARNING(S), 0 ERROR(S)
