A51 MACRO ASSEMBLER  CLICKCOUNT                                                           03/26/2025 14:48:10 PAGE     1


MACRO ASSEMBLER A51 V8.2.7.0
OBJECT MODULE PLACED IN .\Objects\clickCount.obj
ASSEMBLER INVOKED BY: C:\Keil_v5\C51\BIN\A51.EXE clickCount.asm SET(SMALL) DEBUG PRINT(.\Listings\clickCount.lst) OBJECT
                      (.\Objects\clickCount.obj) EP

LOC  OBJ            LINE     SOURCE

0000                   1     ORG     0000h           
0000 2100              2                 AJMP    MAIN           
                       3     
0003                   4                 ORG     0003h          ; External Interrupt 0 vector
0003 218A              5                 AJMP    EXT0_ISR           
                       6     
000B                   7                 ORG     000Bh          ; Timer 0 vector
000B 212B              8                 AJMP    Timer0_ISR
                       9     
0100                  10                 ORG     0100h          
0100 758130           11     MAIN:       MOV     SP, #30h       
0103 758901           12                 MOV     TMOD, #01h     ; Timer 0, mode 1 (16-bit)
                      13     
                      14                 ; Initialize registers
0106 C2D3             15                 CLR     RS0            ; Select Bank 0
0108 C2D4             16                 CLR     RS1
010A 7800             17                 MOV     R0, #00h      ; 1/100 second digit
010C 7900             18                 MOV     R1, #00h      ; 1/10 second digit
010E 7A00             19                 MOV     R2, #00h      ; Seconds digit
0110 7B00             20                 MOV     R3, #00h      ; 10 seconds digit
0112 7C00             21                 MOV     R4, #00h      ; Display position
0114 7D00             22                 MOV     R5, #00h      ; Counter for 5ms intervals
                      23                 
                      24                 ; Initialize click state
0116 752000           25                 MOV     20h, #00h     ; Click state (0=Waiting for first click, 1=Timing betwee
                             n clicks)
                      26                 
                      27                 ; Timer 0 setup for 5ms
0119 758CEC           28                 MOV     TH0, #0ECh     
011C 758A78           29                 MOV     TL0, #078h
011F D28C             30                 SETB    TR0           ; Start Timer 0
                      31                 
                      32                 ; Setup External Interrupt 0
0121 D288             33                 SETB    IT0           ; Falling edge triggered
0123 D2A8             34                 SETB    EX0           ; Enable INT0
                      35                 
                      36                 ; Enable interrupts
0125 D2A9             37                 SETB    ET0           ; Enable Timer 0 interrupt
0127 D2AF             38                 SETB    EA            ; Enable global interrupts
                      39     
0129 80FE             40     MainLoop:   SJMP    MainLoop      ; Everything handled by interrupts
                      41     
012B C0E0             42     Timer0_ISR: PUSH    ACC            
012D C0D0             43                 PUSH    PSW
                      44     
                      45                 ; Reload timer for next 5ms
012F C28C             46                 CLR     TR0            
0131 758CEC           47                 MOV     TH0, #0ECh     
0134 758A8C           48                 MOV     TL0, #08Ch     
0137 C28D             49                 CLR     TF0            
0139 D28C             50                 SETB    TR0            
                      51     
                      52                 ; Check if we're timing between clicks
013B E520             53                 MOV     A, 20h
013D 6022             54                 JZ      Display_Update   ; If 0, we're not timing yet
                      55     
                      56                 ; Update stopwatch every 2 intervals (10ms) - from stopwatch.asm
A51 MACRO ASSEMBLER  CLICKCOUNT                                                           03/26/2025 14:48:10 PAGE     2

013F ED               57                 MOV     A, R5
0140 0D               58                 INC     R5            ; Increment interval counter
0141 5401             59                 ANL     A, #01h       ; Check if even number
0143 701C             60                 JNZ     Display_Update
                      61     
                      62                 ; Update stopwatch digits (using stopwatch.asm timing logic)
0145 08               63                 INC     R0           ; 1/100 seconds
0146 E8               64                 MOV     A, R0
0147 B40A17           65                 CJNE    A, #0Ah, Display_Update
014A 7800             66                 MOV     R0, #00h
                      67                 
014C 09               68                 INC     R1           ; 1/10 seconds
014D E9               69                 MOV     A, R1
014E B40A10           70                 CJNE    A, #0Ah, Display_Update
0151 7900             71                 MOV     R1, #00h
                      72                 
0153 0A               73                 INC     R2           ; Seconds
0154 EA               74                 MOV     A, R2
0155 B40A09           75                 CJNE    A, #0Ah, Display_Update
0158 7A00             76                 MOV     R2, #00h
                      77                 
015A 0B               78                 INC     R3           ; 10 seconds
015B EB               79                 MOV     A, R3
015C B40602           80                 CJNE    A, #06h, Display_Update
015F 7B00             81                 MOV     R3, #00h
                      82     
0161                  83     Display_Update:
                      84                 ; Display logic from stopwatch.asm
0161 EC               85                 MOV     A, R4          
0162 B40003           86                 CJNE    A, #00h, Stop_Pos1
0165 EB               87                 MOV     A, R3         ; 10 seconds
0166 8013             88                 SJMP    Output_Digit
                      89     
0168 B40105           90     Stop_Pos1:  CJNE    A, #01h, Stop_Pos2
016B EA               91                 MOV     A, R2         ; Seconds
016C 4410             92                 ORL     A, #10h        
016E 800B             93                 SJMP    Output_Digit
                      94     
0170 B40205           95     Stop_Pos2:  CJNE    A, #02h, Stop_Pos3
0173 E9               96                 MOV     A, R1         ; 1/10 second
0174 4420             97                 ORL     A, #20h        
0176 8003             98                 SJMP    Output_Digit
                      99     
0178 E8              100     Stop_Pos3:  MOV     A, R0         ; 1/100 second
0179 4430            101                 ORL     A, #30h        
                     102     
017B                 103     Output_Digit:
017B F590            104                 MOV     P1, A          
                     105     
                     106                 ; Update display position
017D EC              107                 MOV     A, R4
017E 04              108                 INC     A              
017F B40402          109                 CJNE    A, #04h, Save_Pos
0182 7400            110                 MOV     A, #00h        
0184 FC              111     Save_Pos:   MOV     R4, A         
                     112     
0185 D0D0            113                 POP     PSW            
0187 D0E0            114                 POP     ACC
0189 32              115                 RETI
                     116     
018A C0E0            117     EXT0_ISR:   PUSH    ACC
018C C0D0            118                 PUSH    PSW
                     119                 
                     120                 ; Check if this is the first click
018E E520            121                 MOV     A, 20h
0190 700F            122                 JNZ     Second_Click
A51 MACRO ASSEMBLER  CLICKCOUNT                                                           03/26/2025 14:48:10 PAGE     3

                     123     
                     124                 ; First click - start timer
0192 752001          125                 MOV     20h, #01h     ; Set timing flag
                     126                 ; Reset all counters
0195 7800            127                 MOV     R0, #00h      ; 1/100 second
0197 7900            128                 MOV     R1, #00h      ; 1/10 second
0199 7A00            129                 MOV     R2, #00h      ; seconds
019B 7B00            130                 MOV     R3, #00h      ; 10 seconds
019D 7D00            131                 MOV     R5, #00h      ; Reset interval counter
019F 8003            132                 SJMP    EXT0_ISR_Exit
                     133     
01A1                 134     Second_Click:
                     135                 ; Second click - stop timer
01A1 752000          136                 MOV     20h, #00h     ; Reset timing flag
                     137                 ; Time is now shown on display
                     138     
01A4                 139     EXT0_ISR_Exit:
01A4 D0D0            140                 POP     PSW
01A6 D0E0            141                 POP     ACC
01A8 32              142                 RETI
                     143     
                     144                 END
A51 MACRO ASSEMBLER  CLICKCOUNT                                                           03/26/2025 14:48:10 PAGE     4

SYMBOL TABLE LISTING
------ ----- -------


N A M E             T Y P E  V A L U E   ATTRIBUTES

ACC. . . . . . . .  D ADDR   00E0H   A   
DISPLAY_UPDATE . .  C ADDR   0161H   A   
EA . . . . . . . .  B ADDR   00A8H.7 A   
ET0. . . . . . . .  B ADDR   00A8H.1 A   
EX0. . . . . . . .  B ADDR   00A8H.0 A   
EXT0_ISR . . . . .  C ADDR   018AH   A   
EXT0_ISR_EXIT. . .  C ADDR   01A4H   A   
IT0. . . . . . . .  B ADDR   0088H.0 A   
MAIN . . . . . . .  C ADDR   0100H   A   
MAINLOOP . . . . .  C ADDR   0129H   A   
OUTPUT_DIGIT . . .  C ADDR   017BH   A   
P1 . . . . . . . .  D ADDR   0090H   A   
PSW. . . . . . . .  D ADDR   00D0H   A   
RS0. . . . . . . .  B ADDR   00D0H.3 A   
RS1. . . . . . . .  B ADDR   00D0H.4 A   
SAVE_POS . . . . .  C ADDR   0184H   A   
SECOND_CLICK . . .  C ADDR   01A1H   A   
SP . . . . . . . .  D ADDR   0081H   A   
STOP_POS1. . . . .  C ADDR   0168H   A   
STOP_POS2. . . . .  C ADDR   0170H   A   
STOP_POS3. . . . .  C ADDR   0178H   A   
TF0. . . . . . . .  B ADDR   0088H.5 A   
TH0. . . . . . . .  D ADDR   008CH   A   
TIMER0_ISR . . . .  C ADDR   012BH   A   
TL0. . . . . . . .  D ADDR   008AH   A   
TMOD . . . . . . .  D ADDR   0089H   A   
TR0. . . . . . . .  B ADDR   0088H.4 A   


REGISTER BANK(S) USED: 0 


ASSEMBLY COMPLETE.  0 WARNING(S), 0 ERROR(S)
